<?xml version="1.0" encoding="UTF-8"?>
<testsuites>
  <testsuite id="0" name="C:\Users\Murilo\Documents\GitHub\DevOpsExtension\src\Tests\WorkItemFormGroup\WorkItemFormGroup.test.tsx" errors="0" package="C:\Users\Murilo\Documents\GitHub\DevOpsExtension\src\Tests\WorkItemFormGroup\WorkItemFormGroup.test.tsx" hostname="localhost" tests="8" failures="0" time="1.391" timestamp="2022-09-04T18:02:21">
    <properties>
    </properties>
    <testcase classname="WorkItemFormGroup" name="WorkItemFormGroupComponent - rendering" time="0">
    </testcase>
    <testcase classname="WorkItemFormGroup" name="WorkItemFormGroupComponent - click button" time="0">
    </testcase>
    <testcase classname="WorkItemFormGroup" name="WorkItemFormGroupComponent - onFieldChanged" time="0">
    </testcase>
    <testcase classname="WorkItemFormGroup" name="WorkItemFormGroupComponent - onLoaded" time="0">
    </testcase>
    <testcase classname="WorkItemFormGroup" name="WorkItemFormGroupComponent - onUnloaded" time="0">
    </testcase>
    <testcase classname="WorkItemFormGroup" name="WorkItemFormGroupComponent - onSaved" time="0">
    </testcase>
    <testcase classname="WorkItemFormGroup" name="WorkItemFormGroupComponent - onReset" time="0">
    </testcase>
    <testcase classname="WorkItemFormGroup" name="WorkItemFormGroupComponent - onRefreshed" time="0">
    </testcase>
    <system-out/>
    <system-err/>
  </testsuite>
</testsuites>